// Jest Snapshot v1, https://goo.gl/fbAQLP

exports[`Test App snapshot 1`] = `ShallowWrapper {}`;
